[20:43:42] [ServerMain/INFO]: Building unoptimized datafixer
[20:43:43] [ServerMain/INFO]: Environment: authHost='https://authserver.mojang.com', accountsHost='https://api.mojang.com', sessionHost='https://sessionserver.mojang.com', servicesHost='https://api.minecraftservices.com', name='PROD'
[20:43:43] [ServerMain/INFO]: Found new data pack file/bukkit, loading it automatically
[20:43:44] [ServerMain/INFO]: Loaded 7 recipes
[20:43:46] [Server thread/INFO]: Starting minecraft server version 1.19.2
[20:43:46] [Server thread/INFO]: Loading properties
[20:43:46] [Server thread/INFO]: This server is running Paper version git-Paper-307 (MC: 1.19.2) (Implementing API version 1.19.2-R0.1-SNAPSHOT) (Git: 476ef25)
[20:43:46] [Server thread/INFO]: Server Ping Player Sample Count: 12
[20:43:46] [Server thread/INFO]: Using 4 threads for Netty based IO
[20:43:46] [Server thread/INFO]: [ChunkTaskScheduler] Chunk system is using 1 I/O threads, 1 worker threads, and gen parallelism of 1 threads
[20:43:46] [Server thread/INFO]: Default game type: SURVIVAL
[20:43:46] [Server thread/INFO]: Generating keypair
[20:43:46] [Server thread/INFO]: Starting Minecraft server on *:25565
[20:43:46] [Server thread/INFO]: Using epoll channel type
[20:43:46] [Server thread/INFO]: Paper: Using libdeflate (Linux x86_64) compression from Velocity.
[20:43:46] [Server thread/INFO]: Paper: Using OpenSSL 3.0.x (Linux x86_64) cipher from Velocity.
[20:43:46] [Server thread/WARN]: **** SERVER IS RUNNING IN OFFLINE/INSECURE MODE!
[20:43:46] [Server thread/WARN]: The server will make no attempt to authenticate usernames. Beware.
[20:43:46] [Server thread/WARN]: While this makes the game possible to play without internet access, it also opens up the ability for hackers to connect with any username they choose.
[20:43:46] [Server thread/WARN]: To change this, set "online-mode" to "true" in the server.properties file.
[20:43:46] [Server thread/INFO]: Preparing level "world"
[20:44:01] [Server thread/INFO]: Preparing start region for dimension minecraft:overworld
[20:44:01] [Server thread/INFO]: Time elapsed: 155 ms
[20:44:01] [Server thread/INFO]: Preparing start region for dimension minecraft:the_nether
[20:44:01] [Server thread/INFO]: Time elapsed: 181 ms
[20:44:01] [Server thread/INFO]: Preparing start region for dimension minecraft:the_end
[20:44:01] [Server thread/INFO]: Time elapsed: 153 ms
[20:44:01] [Server thread/INFO]: Running delayed init tasks
[20:44:01] [Server thread/INFO]: Done (15.683s)! For help, type "help"
[20:44:01] [Server thread/INFO]: Timings Reset
[20:44:23] [User Authenticator #0/INFO]: UUID of player Its_danil is 5362c0b1-9787-3687-b3bd-274a1a47338f
[20:44:24] [Server thread/INFO]: Its_danil joined the game
[20:44:24] [Server thread/INFO]: Its_danil[/100.126.50.61:55162] logged in with entity id 21 at ([world]-5.5, 77.0, 25.5)
[20:44:50] [User Authenticator #0/INFO]: UUID of player Tmarsi219 is fa9e6abc-6e4a-352b-b5da-32290d78f2d4
[20:44:50] [Server thread/INFO]: Tmarsi219 joined the game
[20:44:50] [Server thread/INFO]: Tmarsi219[/100.109.76.68:60606] logged in with entity id 428 at ([world]-17.5, 85.0, 8.5)
[20:45:45] [Server thread/INFO]: Its_danil issued server command: /Hola pe
[20:45:51] [Async Chat Thread - #0/INFO]: [Not Secure] <Tmarsi219> holiii
[20:46:19] [Async Chat Thread - #0/INFO]: [Not Secure] <Tmarsi219> t para entrar al chat
[20:46:29] [Async Chat Thread - #0/INFO]: [Not Secure] <Its_danil> a
[20:46:41] [Async Chat Thread - #0/INFO]: [Not Secure] <Its_danil> te llego el mensaje?
[20:46:45] [Async Chat Thread - #0/INFO]: [Not Secure] <Its_danil> MSKJDKADJA
[20:46:49] [Async Chat Thread - #0/INFO]: [Not Secure] <Its_danil> Holap
[20:46:53] [Async Chat Thread - #0/INFO]: [Not Secure] <Tmarsi219> ahorita me estan llegando xd
[20:47:14] [Server thread/INFO]: Tmarsi219 has made the advancement [Stone Age]
[20:47:30] [Server thread/INFO]: Tmarsi219 has made the advancement [Getting an Upgrade]
[20:47:56] [Async Chat Thread - #2/INFO]: [Not Secure] <Tmarsi219> y porque no puede hablar?
[20:48:34] [Async Chat Thread - #2/INFO]: [Not Secure] <Its_danil> pos
[20:48:46] [Async Chat Thread - #2/INFO]: [Not Secure] <Its_danil> Ando en llamada con Maikell
[20:48:51] [Async Chat Thread - #2/INFO]: [Not Secure] <Tmarsi219> aaa
[20:48:52] [Async Chat Thread - #2/INFO]: [Not Secure] <Its_danil> klajfkfje
[20:49:01] [Async Chat Thread - #2/INFO]: [Not Secure] <Its_danil> eee
[20:50:58] [Async Chat Thread - #4/INFO]: [Not Secure] <Tmarsi219> waos 2 mesas de crafteo XD
[20:52:07] [Server thread/INFO]: Its_danil has made the advancement [Stone Age]
[20:52:38] [Async Chat Thread - #6/INFO]: [Not Secure] <Its_danil> hp
[20:52:43] [Async Chat Thread - #6/INFO]: [Not Secure] <Tmarsi219> era bromita
[20:52:45] [Async Chat Thread - #6/INFO]: [Not Secure] <Its_danil> HP
[20:52:52] [Async Chat Thread - #6/INFO]: [Not Secure] <Its_danil> Mañana te hago era bromita
[20:53:05] [Async Chat Thread - #6/INFO]: [Not Secure] <Tmarsi219> no era bait el perro me obligo xd
[20:53:25] [Async Chat Thread - #6/INFO]: [Not Secure] <Tmarsi219> veni vamso a refugiarnos aca
